#
# There is insufficient memory for the Java Runtime Environment to continue.
# Native memory allocation (malloc) failed to allocate 1048576 bytes. Error detail: AllocateHeap
# Possible reasons:
#   The system is out of physical RAM or swap space
#   This process is running with CompressedOops enabled, and the Java Heap may be blocking the growth of the native heap
# Possible solutions:
#   Reduce memory load on the system
#   Increase physical memory or swap space
#   Check if swap backing store is full
#   Decrease Java heap size (-Xmx/-Xms)
#   Decrease number of Java threads
#   Decrease Java thread stack sizes (-Xss)
#   Set larger code cache with -XX:ReservedCodeCacheSize=
#   JVM is running with Unscaled Compressed Oops mode in which the Java heap is
#     placed in the first 4GB address space. The Java Heap base address is the
#     maximum limit for the native heap growth. Please use -XX:HeapBaseMinAddress
#     to set the Java Heap base and to place the Java Heap above 4GB virtual address.
# This output file may be truncated or incomplete.
#
#  Out of Memory Error (allocation.cpp:44), pid=19500, tid=24488
#
# JRE version: OpenJDK Runtime Environment Temurin-21.0.12.1+1 (21.0.12.1+1) (build 21.0.12.1+1-LTS)
# Java VM: OpenJDK 64-Bit Server VM Temurin-21.0.12.1+1 (21.0.12.1+1-LTS, mixed mode, sharing, tiered, compressed oops, compressed class ptrs, parallel gc, windows-amd64)
# No core dump will be written. Minidumps are not enabled by default on client versions of Windows
#

---------------  S U M M A R Y ------------

Command Line: --add-modules=ALL-SYSTEM --add-opens=java.base/java.util=ALL-UNNAMED --add-opens=java.base/java.lang=ALL-UNNAMED --add-opens=java.base/sun.nio.fs=ALL-UNNAMED -Declipse.application=org.eclipse.jdt.ls.core.id1 -Dosgi.bundles.defaultStartLevel=4 -Declipse.product=org.eclipse.jdt.ls.core.product -Djava.import.generatesMetadataFilesAtProjectRoot=false -Dm2e.project.cache.size=50 -DDetectVMInstallationsJob.disabled=true -Dfile.encoding=utf8 -XX:+UseParallelGC -XX:GCTimeRatio=4 -XX:AdaptiveSizePolicyWeight=90 -Dsun.zip.disableMemoryMapping=true -Xmx2G -Xms100m -Xlog:disable -javaagent:c:\Users\Shrin\.vscode\extensions\redhat.java-1.56.0-win32-x64\lombok\lombok-1.18.39-4050.jar -XX:+HeapDumpOnOutOfMemoryError -XX:HeapDumpPath=c:\Users\Shrin\AppData\Roaming\Code\User\workspaceStorage\c5df5169bc33e86a4a13d6ca483bb49b\redhat.java -Daether.dependencyCollector.impl=bf c:\Users\Shrin\.vscode\extensions\redhat.java-1.56.0-win32-x64\server\plugins\org.eclipse.equinox.launcher_1.8.0.v20260804-1928.jar -configuration c:\Users\Shrin\AppData\Roaming\Code\User\globalStorage\redhat.java\1.56.0\config_win -data c:\Users\Shrin\AppData\Roaming\Code\User\workspaceStorage\c5df5169bc33e86a4a13d6ca483bb49b\redhat.java\jdt_ws --pipe=\\.\pipe\lsp-176dc8fb4ecd7018c33b372b22b7c158-sock

Host: AMD Ryzen 5 5600H with Radeon Graphics         , 12 cores, 15G,  Windows 11 , 64 bit Build 26100 (10.0.26100.9444)
Time: Wed Sep 16 22:01:23 2026 India Standard Time elapsed time: 501.853024 seconds (0d 0h 8m 21s)

---------------  T H R E A D  ---------------

Current thread (0x000001f08562c050):  JavaThread "Attach Listener" daemon [_thread_in_vm, id=24488, stack(0x00000083e5500000,0x00000083e5600000) (1024K)]

Stack: [0x00000083e5500000,0x00000083e5600000]
Native frames: (J=compiled Java code, j=interpreted, Vv=VM code, C=native code)
V  [jvm.dll+0x6d83e9]
V  [jvm.dll+0x8b5736]
V  [jvm.dll+0x8b7cee]
V  [jvm.dll+0x8b83d3]
V  [jvm.dll+0x284596]
V  [jvm.dll+0xc13c7]
V  [jvm.dll+0x6d8c99]
V  [jvm.dll+0x133616]
V  [jvm.dll+0x3f8aae]
V  [jvm.dll+0x8600cd]
V  [jvm.dll+0x6d6c1d]
C  [ucrtbase.dll+0x2cd30]
C  [KERNEL32.DLL+0x2cd87]
C  [ntdll.dll+0xacaec]


---------------  P R O C E S S  ---------------

Threads class SMR info:
_java_thread_list=0x000001f0e83810a0, length=52, elements={
0x000001f08557e100, 0x000001f085625160, 0x000001f085628890, 0x000001f08562b040,
0x000001f08562c050, 0x000001f08562f7b0, 0x000001f085638690, 0x000001f08563a9a0,
0x000001f0de43ef30, 0x000001f0de62a9b0, 0x000001f0df417f40, 0x000001f0e41a74d0,
0x000001f0e40f4340, 0x000001f0dfabc920, 0x000001f0dfae5100, 0x000001f0dfb1c0d0,
0x000001f0e4bc12e0, 0x000001f0e421f370, 0x000001f0e481b9a0, 0x000001f0e45535a0,
0x000001f0e4553c30, 0x000001f0e4551b60, 0x000001f0e45521f0, 0x000001f0e4552880,
0x000001f0e45542c0, 0x000001f0e4554950, 0x000001f0e5a65a80, 0x000001f0e5a66110,
0x000001f0e5a667a0, 0x000001f0e5a66e30, 0x000001f0e5a639b0, 0x000001f0e5a653f0,
0x000001f0e5a674c0, 0x000001f0e5a64040, 0x000001f0e5a67b50, 0x000001f0e5a646d0,
0x000001f0e5a69c20, 0x000001f0e5a6a2b0, 0x000001f0e7c9c490, 0x000001f0e7c9d1b0,
0x000001f0e7c9a3c0, 0x000001f0e7dbd980, 0x000001f0e7dc1490, 0x000001f0e7dc0770,
0x000001f0e7dc0e00, 0x000001f0e7dbe6a0, 0x000001f0e7dc1b20, 0x000001f0e7dc21b0,
0x000001f0e7dbed30, 0x000001f0e7dc2840, 0x000001f0e7dc4910, 0x000001f0e7dc4280
}

Java Threads: ( => current thread )
  0x000001f08557e100 JavaThread "main"                              [_thread_blocked, id=15032, stack(0x00000083e4e00000,0x00000083e4f00000) (1024K)]
  0x000001f085625160 JavaThread "Reference Handler"          daemon [_thread_blocked, id=4680, stack(0x00000083e5200000,0x00000083e5300000) (1024K)]
  0x000001f085628890 JavaThread "Finalizer"                  daemon [_thread_blocked, id=20928, stack(0x00000083e5300000,0x00000083e5400000) (1024K)]
  0x000001f08562b040 JavaThread "Signal Dispatcher"          daemon [_thread_blocked, id=15296, stack(0x00000083e5400000,0x00000083e5500000) (1024K)]
=>0x000001f08562c050 JavaThread "Attach Listener"            daemon [_thread_in_vm, id=24488, stack(0x00000083e5500000,0x00000083e5600000) (1024K)]
  0x000001f08562f7b0 JavaThread "Service Thread"             daemon [_thread_blocked, id=17444, stack(0x00000083e5600000,0x00000083e5700000) (1024K)]
  0x000001f085638690 JavaThread "Monitor Deflation Thread"   daemon [_thread_blocked, id=8196, stack(0x00000083e5700000,0x00000083e5800000) (1024K)]
  0x000001f08563a9a0 JavaThread "C2 CompilerThread0"         daemon [_thread_blocked, id=3812, stack(0x00000083e5800000,0x00000083e5900000) (1024K)]
  0x000001f0de43ef30 JavaThread "C1 CompilerThread0"         daemon [_thread_blocked, id=16848, stack(0x00000083e5900000,0x00000083e5a00000) (1024K)]
  0x000001f0de62a9b0 JavaThread "Common-Cleaner"             daemon [_thread_blocked, id=1408, stack(0x00000083e5a00000,0x00000083e5b00000) (1024K)]
  0x000001f0df417f40 JavaThread "Notification Thread"        daemon [_thread_blocked, id=11996, stack(0x00000083e5c00000,0x00000083e5d00000) (1024K)]
  0x000001f0e41a74d0 JavaThread "Active Thread: Equinox Container: f0ad39c5-8311-41be-8cb9-24bb80138742"        [_thread_blocked, id=22808, stack(0x00000083e6400000,0x00000083e6500000) (1024K)]
  0x000001f0e40f4340 JavaThread "Refresh Thread: Equinox Container: f0ad39c5-8311-41be-8cb9-24bb80138742" daemon [_thread_blocked, id=16716, stack(0x00000083e6600000,0x00000083e6700000) (1024K)]
  0x000001f0dfabc920 JavaThread "Framework Event Dispatcher: Equinox Container: f0ad39c5-8311-41be-8cb9-24bb80138742" daemon [_thread_blocked, id=23644, stack(0x00000083e6700000,0x00000083e6800000) (1024K)]
  0x000001f0dfae5100 JavaThread "Start Level: Equinox Container: f0ad39c5-8311-41be-8cb9-24bb80138742" daemon [_thread_blocked, id=5328, stack(0x00000083e6800000,0x00000083e6900000) (1024K)]
  0x000001f0dfb1c0d0 JavaThread "Bundle File Closer"         daemon [_thread_blocked, id=25164, stack(0x00000083e6b00000,0x00000083e6c00000) (1024K)]
  0x000001f0e4bc12e0 JavaThread "SCR Component Actor"        daemon [_thread_blocked, id=7972, stack(0x00000083e5b00000,0x00000083e5c00000) (1024K)]
  0x000001f0e421f370 JavaThread "Worker-JM"                         [_thread_blocked, id=14820, stack(0x00000083e6d00000,0x00000083e6e00000) (1024K)]
  0x000001f0e481b9a0 JavaThread "JNA Cleaner"                daemon [_thread_blocked, id=7748, stack(0x00000083e6c00000,0x00000083e6d00000) (1024K)]
  0x000001f0e45535a0 JavaThread "Worker-1"                          [_thread_blocked, id=17152, stack(0x00000083e6f00000,0x00000083e7000000) (1024K)]
  0x000001f0e4553c30 JavaThread "Java indexing"              daemon [_thread_blocked, id=3628, stack(0x00000083e7100000,0x00000083e7200000) (1024K)]
  0x000001f0e4551b60 JavaThread "Thread-1"                   daemon [_thread_in_native, id=11892, stack(0x00000083e7600000,0x00000083e7700000) (1024K)]
  0x000001f0e45521f0 JavaThread "Thread-2"                   daemon [_thread_in_native, id=22220, stack(0x00000083e7700000,0x00000083e7800000) (1024K)]
  0x000001f0e4552880 JavaThread "Thread-3"                   daemon [_thread_in_native, id=25500, stack(0x00000083e7800000,0x00000083e7900000) (1024K)]
  0x000001f0e45542c0 JavaThread "Thread-4"                   daemon [_thread_in_native, id=18692, stack(0x00000083e7900000,0x00000083e7a00000) (1024K)]
  0x000001f0e4554950 JavaThread "Thread-5"                   daemon [_thread_in_native, id=17096, stack(0x00000083e7a00000,0x00000083e7b00000) (1024K)]
  0x000001f0e5a65a80 JavaThread "Thread-6"                   daemon [_thread_in_native, id=25036, stack(0x00000083e7b00000,0x00000083e7c00000) (1024K)]
  0x000001f0e5a66110 JavaThread "Thread-7"                   daemon [_thread_in_native, id=6012, stack(0x00000083e7c00000,0x00000083e7d00000) (1024K)]
  0x000001f0e5a667a0 JavaThread "Thread-8"                   daemon [_thread_in_native, id=23880, stack(0x00000083e7d00000,0x00000083e7e00000) (1024K)]
  0x000001f0e5a66e30 JavaThread "Thread-9"                   daemon [_thread_in_native, id=12352, stack(0x00000083e7e00000,0x00000083e7f00000) (1024K)]
  0x000001f0e5a639b0 JavaThread "Thread-10"                  daemon [_thread_in_native, id=13788, stack(0x00000083e7f00000,0x00000083e8000000) (1024K)]
  0x000001f0e5a653f0 JavaThread "Thread-11"                  daemon [_thread_in_native, id=1828, stack(0x00000083e8000000,0x00000083e8100000) (1024K)]
  0x000001f0e5a674c0 JavaThread "Thread-12"                  daemon [_thread_in_native, id=20408, stack(0x00000083e8100000,0x00000083e8200000) (1024K)]
  0x000001f0e5a64040 JavaThread "Thread-13"                  daemon [_thread_in_native, id=23496, stack(0x00000083e8200000,0x00000083e8300000) (1024K)]
  0x000001f0e5a67b50 JavaThread "pool-2-thread-1"                   [_thread_blocked, id=20504, stack(0x00000083e8400000,0x00000083e8500000) (1024K)]
  0x000001f0e5a646d0 JavaThread "WorkspaceEventsHandler"            [_thread_blocked, id=17484, stack(0x00000083e8500000,0x00000083e8600000) (1024K)]
  0x000001f0e5a69c20 JavaThread "pool-1-thread-1"                   [_thread_blocked, id=22144, stack(0x00000083e8600000,0x00000083e8700000) (1024K)]
  0x000001f0e5a6a2b0 JavaThread "PatternSearchJob-worker-1"  daemon [_thread_blocked, id=2396, stack(0x00000083e8700000,0x00000083e8800000) (1024K)]
  0x000001f0e7c9c490 JavaThread "ForkJoinPool.commonPool-worker-2" daemon [_thread_blocked, id=18176, stack(0x00000083e8900000,0x00000083e8a00000) (1024K)]
  0x000001f0e7c9d1b0 JavaThread "ForkJoinPool.commonPool-worker-3" daemon [_thread_blocked, id=21356, stack(0x00000083e8a00000,0x00000083e8b00000) (1024K)]
  0x000001f0e7c9a3c0 JavaThread "ForkJoinPool.commonPool-worker-6" daemon [_thread_blocked, id=14812, stack(0x00000083e8d00000,0x00000083e8e00000) (1024K)]
  0x000001f0e7dbd980 JavaThread "ForkJoinPool.commonPool-worker-8" daemon [_thread_blocked, id=3424, stack(0x00000083e9100000,0x00000083e9200000) (1024K)]
  0x000001f0e7dc1490 JavaThread "Cleaner-0"                  daemon [_thread_blocked, id=24276, stack(0x00000083e9500000,0x00000083e9600000) (1024K)]
  0x000001f0e7dc0770 JavaThread "Worker-5"                          [_thread_blocked, id=2164, stack(0x00000083e7000000,0x00000083e7100000) (1024K)]
  0x000001f0e7dc0e00 JavaThread "Compiler Source File Reader" daemon [_thread_blocked, id=23056, stack(0x00000083e7200000,0x00000083e7300000) (1024K)]
  0x000001f0e7dbe6a0 JavaThread "Compiler Source File Reader" daemon [_thread_blocked, id=21228, stack(0x00000083e4d00000,0x00000083e4e00000) (1024K)]
  0x000001f0e7dc1b20 JavaThread "Worker-6"                          [_thread_blocked, id=23692, stack(0x00000083e4c00000,0x00000083e4d00000) (1024K)]
  0x000001f0e7dc21b0 JavaThread "Compiler Source File Reader" daemon [_thread_blocked, id=19016, stack(0x00000083e5d00000,0x00000083e5e00000) (1024K)]
  0x000001f0e7dbed30 JavaThread "Compiler Processing Task"   daemon [_thread_blocked, id=12924, stack(0x00000083e6e00000,0x00000083e6f00000) (1024K)]
  0x000001f0e7dc2840 JavaThread "PatternSearchJob-worker-3"  daemon [_thread_blocked, id=16840, stack(0x00000083e4b00000,0x00000083e4c00000) (1024K)]
  0x000001f0e7dc4910 JavaThread "PatternSearchJob-worker-4"  daemon [_thread_blocked, id=7208, stack(0x00000083e7300000,0x00000083e7400000) (1024K)]
  0x000001f0e7dc4280 JavaThread "Compiler Source File Reader" daemon [_thread_blocked, id=23428, stack(0x00000083e7400000,0x00000083e7500000) (1024K)]
Total: 52

Other Threads:
  0x000001f085624ba0 VMThread "VM Thread"                           [id=18212, stack(0x00000083e5100000,0x00000083e5200000) (1024K)]
  0x000001f0dd0dca10 WatcherThread "VM Periodic Task Thread"        [id=16768, stack(0x00000083e5000000,0x00000083e5100000) (1024K)]
  0x000001f08559d870 WorkerThread "GC Thread#0"                     [id=17716, stack(0x00000083e4f00000,0x00000083e5000000) (1024K)]
  0x000001f0e41fb860 WorkerThread "GC Thread#1"                     [id=25156, stack(0x00000083e5e00000,0x00000083e5f00000) (1024K)]
  0x000001f0e41fb4b0 WorkerThread "GC Thread#2"                     [id=23804, stack(0x00000083e5f00000,0x00000083e6000000) (1024K)]
  0x000001f0e41fa240 WorkerThread "GC Thread#3"                     [id=16472, stack(0x00000083e6000000,0x00000083e6100000) (1024K)]
  0x000001f0e41fad50 WorkerThread "GC Thread#4"                     [id=11500, stack(0x00000083e6100000,0x00000083e6200000) (1024K)]
  0x000001f0e41fa9a0 WorkerThread "GC Thread#5"                     [id=12476, stack(0x00000083e6200000,0x00000083e6300000) (1024K)]
  0x000001f0e41fb100 WorkerThread "GC Thread#6"                     [id=23560, stack(0x00000083e6300000,0x00000083e6400000) (1024K)]
  0x000001f0dfadedc0 WorkerThread "GC Thread#7"                     [id=10576, stack(0x00000083e6500000,0x00000083e6600000) (1024K)]
  0x000001f0dfadd7a0 WorkerThread "GC Thread#8"                     [id=6644, stack(0x00000083e6900000,0x00000083e6a00000) (1024K)]
  0x000001f0dfaddb50 WorkerThread "GC Thread#9"                     [id=17876, stack(0x00000083e6a00000,0x00000083e6b00000) (1024K)]
Total: 12

Threads with active compile tasks:
Total: 0

VM state: not at safepoint (normal execution)

VM Mutex/Monitor currently owned by a thread: None

Heap address: 0x0000000080000000, size: 2048 MB, Compressed Oops mode: 32-bit

CDS archive(s) mapped at: [0x000001f09c000000-0x000001f09cba0000-0x000001f09cba0000), size 12189696, SharedBaseAddress: 0x000001f09c000000, ArchiveRelocationMode: 1.
Compressed class space mapped at: 0x000001f09d000000-0x000001f0dd000000, reserved size: 1073741824
Narrow klass base: 0x000001f09c000000, Narrow klass shift: 0, Narrow klass range: 0x100000000

GC Precious Log:
 CardTable entry size: 512
 CPUs: 12 total, 12 available
 Memory: 15710M
 Large Page Support: Disabled
 NUMA Support: Disabled
 Compressed Oops: Enabled (32-bit)
 Alignments: Space 512K, Generation 512K, Heap 2M
 Heap Min Capacity: 100M
 Heap Initial Capacity: 100M
 Heap Max Capacity: 2G
 Pre-touch: Disabled
 Parallel Workers: 10

Heap:
 PSYoungGen      total 18432K, used 1278K [0x00000000d5580000, 0x00000000d6980000, 0x0000000100000000)
  eden space 13312K, 7% used [0x00000000d5580000,0x00000000d5677bc8,0x00000000d6280000)
  from space 5120K, 5% used [0x00000000d6280000,0x00000000d62c8000,0x00000000d6780000)
  to   space 2048K, 0% used [0x00000000d6780000,0x00000000d6780000,0x00000000d6980000)
 ParOldGen       total 426496K, used 426265K [0x0000000080000000, 0x000000009a080000, 0x00000000d5580000)
  object space 426496K, 99% used [0x0000000080000000,0x000000009a046460,0x000000009a080000)
 Metaspace       used 70883K, committed 72448K, reserved 1114112K
  class space    used 7634K, committed 8320K, reserved 1048576K

Card table byte_map: [0x000001f084f20000,0x000001f085330000] _byte_map_base: 0x000001f084b20000

Marking Bits: (ParMarkBitMap*) 0x00007ffdae1644a0
 Begin Bits: [0x000001f097a30000, 0x000001f099a30000)
 End Bits:   [0x000001f099a30000, 0x000001f09ba30000)

Polling page: 0x000001f0831d0000

Metaspace:

Usage:
  Non-class:     61.77 MB used.
      Class:      7.46 MB used.
       Both:     69.22 MB used.

Virtual space:
  Non-class space:       64.00 MB reserved,      62.62 MB ( 98%) committed,  1 nodes.
      Class space:        1.00 GB reserved,       8.12 MB ( <1%) committed,  1 nodes.
             Both:        1.06 GB reserved,      70.75 MB (  7%) committed. 

Chunk freelists:
   Non-Class:  1.13 MB
       Class:  7.85 MB
        Both:  8.99 MB

MaxMetaspaceSize: unlimited
CompressedClassSpaceSize: 1.00 GB
Initial GC threshold: 21.00 MB
Current GC threshold: 97.31 MB
CDS: on
 - commit_granule_bytes: 65536.
 - commit_granule_words: 8192.
 - virtual_space_node_default_size: 8388608.
 - enlarge_chunks_in_place: 1.
 - use_allocation_guard: 0.


Internal statistics:

num_allocs_failed_limit: 9.
num_arena_births: 1110.
num_arena_deaths: 14.
num_vsnodes_births: 2.
num_vsnodes_deaths: 0.
num_space_committed: 1132.
num_space_uncommitted: 0.
num_chunks_returned_to_freelist: 23.
num_chunks_taken_from_freelist: 4438.
num_chunk_merges: 15.
num_chunk_splits: 2767.
num_chunks_enlarged: 1629.
num_inconsistent_stats: 0.

CodeHeap 'non-profiled nmethods': size=120000Kb used=8846Kb max_used=8846Kb free=111153Kb
 bounds [0x000001f090250000, 0x000001f090b00000, 0x000001f097780000]
CodeHeap 'profiled nmethods': size=120000Kb used=24415Kb max_used=24415Kb free=95584Kb
 bounds [0x000001f088780000, 0x000001f089f60000, 0x000001f08fcb0000]
CodeHeap 'non-nmethods': size=5760Kb used=1461Kb max_used=1531Kb free=4299Kb
 bounds [0x000001f08fcb0000, 0x000001f08ff20000, 0x000001f090250000]
CodeCache: size=245760Kb, used=34722Kb, max_used=34792Kb, free=211036Kb
 total_blobs=11492, nmethods=10712, adapters=684, full_count=0
Compilation: enabled, stopped_count=0, restarted_count=0

Compilation events (20 events):
Event: 487.025 Thread 0x000001f0de43ef30 nmethod 11435 0x000001f089f53790 code [0x000001f089f53960, 0x000001f089f53ca0]
Event: 487.025 Thread 0x000001f0de43ef30 11437       3       org.eclipse.core.internal.resources.Resource::isFilteredWithException (162 bytes)
Event: 487.027 Thread 0x000001f0de43ef30 nmethod 11437 0x000001f089f53d90 code [0x000001f089f540c0, 0x000001f089f558b0]
Event: 487.034 Thread 0x000001f08563a9a0 nmethod 11436 0x000001f090aed090 code [0x000001f090aed280, 0x000001f090aed9c8]
Event: 487.034 Thread 0x000001f08563a9a0 11438       4       java.util.LinkedList::node (65 bytes)
Event: 487.036 Thread 0x000001f08563a9a0 nmethod 11438 0x000001f090aede90 code [0x000001f090aee020, 0x000001f090aee120]
Event: 490.882 Thread 0x000001f08563a9a0 11439       4       org.eclipse.core.runtime.Path::removeLastSegments (85 bytes)
Event: 490.887 Thread 0x000001f08563a9a0 nmethod 11439 0x000001f090aee210 code [0x000001f090aee3c0, 0x000001f090aee880]
Event: 500.429 Thread 0x000001f0de43ef30 11440       3       java.util.concurrent.locks.ReentrantLock::lockInterruptibly (8 bytes)
Event: 500.430 Thread 0x000001f0de43ef30 nmethod 11440 0x000001f089f56090 code [0x000001f089f562a0, 0x000001f089f56828]
Event: 500.430 Thread 0x000001f0de43ef30 11441       3       java.util.concurrent.locks.ReentrantLock$Sync::lockInterruptibly (27 bytes)
Event: 500.430 Thread 0x000001f0de43ef30 nmethod 11441 0x000001f089f56a10 code [0x000001f089f56c00, 0x000001f089f57128]
Event: 500.437 Thread 0x000001f0de43ef30 11442       3       org.eclipse.jdt.ls.core.internal.JDTUtils$$Lambda/0x000001f09d6acd10::apply (14 bytes)
Event: 500.438 Thread 0x000001f0de43ef30 nmethod 11442 0x000001f089f57310 code [0x000001f089f57520, 0x000001f089f57c48]
Event: 500.455 Thread 0x000001f08563a9a0 11443       4       java.lang.CharacterDataLatin1::equalsIgnoreCase (63 bytes)
Event: 500.455 Thread 0x000001f08563a9a0 nmethod 11443 0x000001f090aeea90 code [0x000001f090aeec20, 0x000001f090aeecd0]
Event: 500.456 Thread 0x000001f08563a9a0 11444       4       org.eclipse.core.internal.localstore.FileSystemResourceManager::getStoreRoot (229 bytes)
Event: 500.503 Thread 0x000001f08563a9a0 nmethod 11444 0x000001f090aeed90 code [0x000001f090aef360, 0x000001f090af1d30]
Event: 500.504 Thread 0x000001f08563a9a0 11445       4       java.util.regex.Pattern$SliceNode::study (37 bytes)
Event: 500.505 Thread 0x000001f08563a9a0 nmethod 11445 0x000001f090af3790 code [0x000001f090af3920, 0x000001f090af3a10]

GC Heap History (20 events):
Event: 465.966 GC heap before
{Heap before GC invocations=449 (full 3):
 PSYoungGen      total 14336K, used 14064K [0x00000000d5580000, 0x00000000d6c80000, 0x0000000100000000)
  eden space 13312K, 100% used [0x00000000d5580000,0x00000000d6280000,0x00000000d6280000)
  from space 1024K, 73% used [0x00000000d6b00000,0x00000000d6bbc030,0x00000000d6c00000)
  to   space 512K, 0% used [0x00000000d6c00000,0x00000000d6c00000,0x00000000d6c80000)
 ParOldGen       total 416768K, used 416391K [0x0000000080000000, 0x0000000099700000, 0x00000000d5580000)
  object space 416768K, 99% used [0x0000000080000000,0x00000000996a1e28,0x0000000099700000)
 Metaspace       used 66444K, committed 67840K, reserved 1114112K
  class space    used 7090K, committed 7680K, reserved 1048576K
}
Event: 465.970 GC heap after
{Heap after GC invocations=449 (full 3):
 PSYoungGen      total 13824K, used 486K [0x00000000d5580000, 0x00000000d6c80000, 0x0000000100000000)
  eden space 13312K, 0% used [0x00000000d5580000,0x00000000d5580000,0x00000000d6280000)
  from space 512K, 95% used [0x00000000d6c00000,0x00000000d6c79bf0,0x00000000d6c80000)
  to   space 4096K, 0% used [0x00000000d6480000,0x00000000d6480000,0x00000000d6880000)
 ParOldGen       total 419840K, used 419339K [0x0000000080000000, 0x0000000099a00000, 0x00000000d5580000)
  object space 419840K, 99% used [0x0000000080000000,0x0000000099982ec8,0x0000000099a00000)
 Metaspace       used 66444K, committed 67840K, reserved 1114112K
  class space    used 7090K, committed 7680K, reserved 1048576K
}
Event: 469.990 GC heap before
{Heap before GC invocations=450 (full 3):
 PSYoungGen      total 13824K, used 13798K [0x00000000d5580000, 0x00000000d6c80000, 0x0000000100000000)
  eden space 13312K, 100% used [0x00000000d5580000,0x00000000d6280000,0x00000000d6280000)
  from space 512K, 95% used [0x00000000d6c00000,0x00000000d6c79bf0,0x00000000d6c80000)
  to   space 4096K, 0% used [0x00000000d6480000,0x00000000d6480000,0x00000000d6880000)
 ParOldGen       total 419840K, used 419339K [0x0000000080000000, 0x0000000099a00000, 0x00000000d5580000)
  object space 419840K, 99% used [0x0000000080000000,0x0000000099982ec8,0x0000000099a00000)
 Metaspace       used 66782K, committed 68160K, reserved 1114112K
  class space    used 7151K, committed 7744K, reserved 1048576K
}
Event: 469.994 GC heap after
{Heap after GC invocations=450 (full 3):
 PSYoungGen      total 17408K, used 1616K [0x00000000d5580000, 0x00000000d6c80000, 0x0000000100000000)
  eden space 13312K, 0% used [0x00000000d5580000,0x00000000d5580000,0x00000000d6280000)
  from space 4096K, 39% used [0x00000000d6480000,0x00000000d6614010,0x00000000d6880000)
  to   space 2560K, 0% used [0x00000000d6a00000,0x00000000d6a00000,0x00000000d6c80000)
 ParOldGen       total 420352K, used 419873K [0x0000000080000000, 0x0000000099a80000, 0x00000000d5580000)
  object space 420352K, 99% used [0x0000000080000000,0x0000000099a084f8,0x0000000099a80000)
 Metaspace       used 66782K, committed 68160K, reserved 1114112K
  class space    used 7151K, committed 7744K, reserved 1048576K
}
Event: 471.292 GC heap before
{Heap before GC invocations=451 (full 3):
 PSYoungGen      total 17408K, used 14928K [0x00000000d5580000, 0x00000000d6c80000, 0x0000000100000000)
  eden space 13312K, 100% used [0x00000000d5580000,0x00000000d6280000,0x00000000d6280000)
  from space 4096K, 39% used [0x00000000d6480000,0x00000000d6614010,0x00000000d6880000)
  to   space 2560K, 0% used [0x00000000d6a00000,0x00000000d6a00000,0x00000000d6c80000)
 ParOldGen       total 420352K, used 419873K [0x0000000080000000, 0x0000000099a80000, 0x00000000d5580000)
  object space 420352K, 99% used [0x0000000080000000,0x0000000099a084f8,0x0000000099a80000)
 Metaspace       used 66875K, committed 68288K, reserved 1114112K
  class space    used 7151K, committed 7744K, reserved 1048576K
}
Event: 471.295 GC heap after
{Heap after GC invocations=451 (full 3):
 PSYoungGen      total 14336K, used 576K [0x00000000d5580000, 0x00000000d6b00000, 0x0000000100000000)
  eden space 13312K, 0% used [0x00000000d5580000,0x00000000d5580000,0x00000000d6280000)
  from space 1024K, 56% used [0x00000000d6a00000,0x00000000d6a90000,0x00000000d6b00000)
  to   space 1536K, 0% used [0x00000000d6800000,0x00000000d6800000,0x00000000d6980000)
 ParOldGen       total 421376K, used 420953K [0x0000000080000000, 0x0000000099b80000, 0x00000000d5580000)
  object space 421376K, 99% used [0x0000000080000000,0x0000000099b164f8,0x0000000099b80000)
 Metaspace       used 66875K, committed 68288K, reserved 1114112K
  class space    used 7151K, committed 7744K, reserved 1048576K
}
Event: 473.389 GC heap before
{Heap before GC invocations=452 (full 3):
 PSYoungGen      total 14336K, used 13888K [0x00000000d5580000, 0x00000000d6b00000, 0x0000000100000000)
  eden space 13312K, 100% used [0x00000000d5580000,0x00000000d6280000,0x00000000d6280000)
  from space 1024K, 56% used [0x00000000d6a00000,0x00000000d6a90000,0x00000000d6b00000)
  to   space 1536K, 0% used [0x00000000d6800000,0x00000000d6800000,0x00000000d6980000)
 ParOldGen       total 421376K, used 420953K [0x0000000080000000, 0x0000000099b80000, 0x00000000d5580000)
  object space 421376K, 99% used [0x0000000080000000,0x0000000099b164f8,0x0000000099b80000)
 Metaspace       used 67023K, committed 68416K, reserved 1114112K
  class space    used 7156K, committed 7744K, reserved 1048576K
}
Event: 473.392 GC heap after
{Heap after GC invocations=452 (full 3):
 PSYoungGen      total 14848K, used 768K [0x00000000d5580000, 0x00000000d6a80000, 0x0000000100000000)
  eden space 13312K, 0% used [0x00000000d5580000,0x00000000d5580000,0x00000000d6280000)
  from space 1536K, 50% used [0x00000000d6800000,0x00000000d68c0020,0x00000000d6980000)
  to   space 1024K, 0% used [0x00000000d6980000,0x00000000d6980000,0x00000000d6a80000)
 ParOldGen       total 421376K, used 421001K [0x0000000080000000, 0x0000000099b80000, 0x00000000d5580000)
  object space 421376K, 99% used [0x0000000080000000,0x0000000099b224f8,0x0000000099b80000)
 Metaspace       used 67023K, committed 68416K, reserved 1114112K
  class space    used 7156K, committed 7744K, reserved 1048576K
}
Event: 475.166 GC heap before
{Heap before GC invocations=453 (full 3):
 PSYoungGen      total 14848K, used 14080K [0x00000000d5580000, 0x00000000d6a80000, 0x0000000100000000)
  eden space 13312K, 100% used [0x00000000d5580000,0x00000000d6280000,0x00000000d6280000)
  from space 1536K, 50% used [0x00000000d6800000,0x00000000d68c0020,0x00000000d6980000)
  to   space 1024K, 0% used [0x00000000d6980000,0x00000000d6980000,0x00000000d6a80000)
 ParOldGen       total 421376K, used 421001K [0x0000000080000000, 0x0000000099b80000, 0x00000000d5580000)
  object space 421376K, 99% used [0x0000000080000000,0x0000000099b224f8,0x0000000099b80000)
 Metaspace       used 67126K, committed 68544K, reserved 1114112K
  class space    used 7156K, committed 7744K, reserved 1048576K
}
Event: 475.167 GC heap after
{Heap after GC invocations=453 (full 3):
 PSYoungGen      total 14336K, used 576K [0x00000000d5580000, 0x00000000d6a80000, 0x0000000100000000)
  eden space 13312K, 0% used [0x00000000d5580000,0x00000000d5580000,0x00000000d6280000)
  from space 1024K, 56% used [0x00000000d6980000,0x00000000d6a10000,0x00000000d6a80000)
  to   space 1024K, 0% used [0x00000000d6880000,0x00000000d6880000,0x00000000d6980000)
 ParOldGen       total 421376K, used 421073K [0x0000000080000000, 0x0000000099b80000, 0x00000000d5580000)
  object space 421376K, 99% used [0x0000000080000000,0x0000000099b344f8,0x0000000099b80000)
 Metaspace       used 67126K, committed 68544K, reserved 1114112K
  class space    used 7156K, committed 7744K, reserved 1048576K
}
Event: 479.403 GC heap before
{Heap before GC invocations=454 (full 3):
 PSYoungGen      total 14336K, used 13888K [0x00000000d5580000, 0x00000000d6a80000, 0x0000000100000000)
  eden space 13312K, 100% used [0x00000000d5580000,0x00000000d6280000,0x00000000d6280000)
  from space 1024K, 56% used [0x00000000d6980000,0x00000000d6a10000,0x00000000d6a80000)
  to   space 1024K, 0% used [0x00000000d6880000,0x00000000d6880000,0x00000000d6980000)
 ParOldGen       total 421376K, used 421073K [0x0000000080000000, 0x0000000099b80000, 0x00000000d5580000)
  object space 421376K, 99% used [0x0000000080000000,0x0000000099b344f8,0x0000000099b80000)
 Metaspace       used 67733K, committed 69184K, reserved 1114112K
  class space    used 7247K, committed 7872K, reserved 1048576K
}
Event: 479.406 GC heap after
{Heap after GC invocations=454 (full 3):
 PSYoungGen      total 14336K, used 352K [0x00000000d5580000, 0x00000000d6a00000, 0x0000000100000000)
  eden space 13312K, 0% used [0x00000000d5580000,0x00000000d5580000,0x00000000d6280000)
  from space 1024K, 34% used [0x00000000d6880000,0x00000000d68d8000,0x00000000d6980000)
  to   space 512K, 0% used [0x00000000d6980000,0x00000000d6980000,0x00000000d6a00000)
 ParOldGen       total 421888K, used 421502K [0x0000000080000000, 0x0000000099c00000, 0x00000000d5580000)
  object space 421888K, 99% used [0x0000000080000000,0x0000000099b9f988,0x0000000099c00000)
 Metaspace       used 67733K, committed 69184K, reserved 1114112K
  class space    used 7247K, committed 7872K, reserved 1048576K
}
Event: 479.696 GC heap before
{Heap before GC invocations=455 (full 3):
 PSYoungGen      total 14336K, used 13664K [0x00000000d5580000, 0x00000000d6a00000, 0x0000000100000000)
  eden space 13312K, 100% used [0x00000000d5580000,0x00000000d6280000,0x00000000d6280000)
  from space 1024K, 34% used [0x00000000d6880000,0x00000000d68d8000,0x00000000d6980000)
  to   space 512K, 0% used [0x00000000d6980000,0x00000000d6980000,0x00000000d6a00000)
 ParOldGen       total 421888K, used 421502K [0x0000000080000000, 0x0000000099c00000, 0x00000000d5580000)
  object space 421888K, 99% used [0x0000000080000000,0x0000000099b9f988,0x0000000099c00000)
 Metaspace       used 69349K, committed 70848K, reserved 1114112K
  class space    used 7427K, committed 8064K, reserved 1048576K
}
Event: 479.698 GC heap after
{Heap after GC invocations=455 (full 3):
 PSYoungGen      total 13824K, used 502K [0x00000000d5580000, 0x00000000d6a00000, 0x0000000100000000)
  eden space 13312K, 0% used [0x00000000d5580000,0x00000000d5580000,0x00000000d6280000)
  from space 512K, 98% used [0x00000000d6980000,0x00000000d69fd9b0,0x00000000d6a00000)
  to   space 1536K, 0% used [0x00000000d6700000,0x00000000d6700000,0x00000000d6880000)
 ParOldGen       total 422400K, used 422046K [0x0000000080000000, 0x0000000099c80000, 0x00000000d5580000)
  object space 422400K, 99% used [0x0000000080000000,0x0000000099c27af0,0x0000000099c80000)
 Metaspace       used 69349K, committed 70848K, reserved 1114112K
  class space    used 7427K, committed 8064K, reserved 1048576K
}
Event: 480.576 GC heap before
{Heap before GC invocations=456 (full 3):
 PSYoungGen      total 13824K, used 13814K [0x00000000d5580000, 0x00000000d6a00000, 0x0000000100000000)
  eden space 13312K, 100% used [0x00000000d5580000,0x00000000d6280000,0x00000000d6280000)
  from space 512K, 98% used [0x00000000d6980000,0x00000000d69fd9b0,0x00000000d6a00000)
  to   space 1536K, 0% used [0x00000000d6700000,0x00000000d6700000,0x00000000d6880000)
 ParOldGen       total 422400K, used 422046K [0x0000000080000000, 0x0000000099c80000, 0x00000000d5580000)
  object space 422400K, 99% used [0x0000000080000000,0x0000000099c27af0,0x0000000099c80000)
 Metaspace       used 70783K, committed 72320K, reserved 1114112K
  class space    used 7632K, committed 8320K, reserved 1048576K
}
Event: 480.579 GC heap after
{Heap after GC invocations=456 (full 3):
 PSYoungGen      total 14848K, used 736K [0x00000000d5580000, 0x00000000d6a00000, 0x0000000100000000)
  eden space 13312K, 0% used [0x00000000d5580000,0x00000000d5580000,0x00000000d6280000)
  from space 1536K, 47% used [0x00000000d6700000,0x00000000d67b8000,0x00000000d6880000)
  to   space 1024K, 0% used [0x00000000d6900000,0x00000000d6900000,0x00000000d6a00000)
 ParOldGen       total 422912K, used 422547K [0x0000000080000000, 0x0000000099d00000, 0x00000000d5580000)
  object space 422912K, 99% used [0x0000000080000000,0x0000000099ca4fd0,0x0000000099d00000)
 Metaspace       used 70783K, committed 72320K, reserved 1114112K
  class space    used 7632K, committed 8320K, reserved 1048576K
}
Event: 482.094 GC heap before
{Heap before GC invocations=457 (full 3):
 PSYoungGen      total 14848K, used 14048K [0x00000000d5580000, 0x00000000d6a00000, 0x0000000100000000)
  eden space 13312K, 100% used [0x00000000d5580000,0x00000000d6280000,0x00000000d6280000)
  from space 1536K, 47% used [0x00000000d6700000,0x00000000d67b8000,0x00000000d6880000)
  to   space 1024K, 0% used [0x00000000d6900000,0x00000000d6900000,0x00000000d6a00000)
 ParOldGen       total 422912K, used 422547K [0x0000000080000000, 0x0000000099d00000, 0x00000000d5580000)
  object space 422912K, 99% used [0x0000000080000000,0x0000000099ca4fd0,0x0000000099d00000)
 Metaspace       used 70876K, committed 72448K, reserved 1114112K
  class space    used 7634K, committed 8320K, reserved 1048576K
}
Event: 482.098 GC heap after
{Heap after GC invocations=457 (full 3):
 PSYoungGen      total 14336K, used 1000K [0x00000000d5580000, 0x00000000d6c80000, 0x0000000100000000)
  eden space 13312K, 0% used [0x00000000d5580000,0x00000000d5580000,0x00000000d6280000)
  from space 1024K, 97% used [0x00000000d6900000,0x00000000d69fa3c0,0x00000000d6a00000)
  to   space 5120K, 0% used [0x00000000d6280000,0x00000000d6280000,0x00000000d6780000)
 ParOldGen       total 425984K, used 425899K [0x0000000080000000, 0x000000009a000000, 0x00000000d5580000)
  object space 425984K, 99% used [0x0000000080000000,0x0000000099feafd0,0x000000009a000000)
 Metaspace       used 70876K, committed 72448K, reserved 1114112K
  class space    used 7634K, committed 8320K, reserved 1048576K
}
Event: 500.448 GC heap before
{Heap before GC invocations=458 (full 3):
 PSYoungGen      total 14336K, used 14312K [0x00000000d5580000, 0x00000000d6c80000, 0x0000000100000000)
  eden space 13312K, 100% used [0x00000000d5580000,0x00000000d6280000,0x00000000d6280000)
  from space 1024K, 97% used [0x00000000d6900000,0x00000000d69fa3c0,0x00000000d6a00000)
  to   space 5120K, 0% used [0x00000000d6280000,0x00000000d6280000,0x00000000d6780000)
 ParOldGen       total 425984K, used 425899K [0x0000000080000000, 0x000000009a000000, 0x00000000d5580000)
  object space 425984K, 99% used [0x0000000080000000,0x0000000099feafd0,0x000000009a000000)
 Metaspace       used 70883K, committed 72448K, reserved 1114112K
  class space    used 7634K, committed 8320K, reserved 1048576K
}
Event: 500.450 GC heap after
{Heap after GC invocations=458 (full 3):
 PSYoungGen      total 18432K, used 288K [0x00000000d5580000, 0x00000000d6980000, 0x0000000100000000)
  eden space 13312K, 0% used [0x00000000d5580000,0x00000000d5580000,0x00000000d6280000)
  from space 5120K, 5% used [0x00000000d6280000,0x00000000d62c8000,0x00000000d6780000)
  to   space 2048K, 0% used [0x00000000d6780000,0x00000000d6780000,0x00000000d6980000)
 ParOldGen       total 426496K, used 426265K [0x0000000080000000, 0x000000009a080000, 0x00000000d5580000)
  object space 426496K, 99% used [0x0000000080000000,0x000000009a046460,0x000000009a080000)
 Metaspace       used 70883K, committed 72448K, reserved 1114112K
  class space    used 7634K, committed 8320K, reserved 1048576K
}

Dll operation events (20 events):
Event: 0.013 Attempting to load shared library c:\Users\Shrin\.vscode\extensions\redhat.java-1.56.0-win32-x64\jre\21.0.12.1-win32-x86_64\bin\java.dll
Event: 0.013 Loaded shared library c:\Users\Shrin\.vscode\extensions\redhat.java-1.56.0-win32-x64\jre\21.0.12.1-win32-x86_64\bin\java.dll
Event: 0.075 Attempting to load shared library c:\Users\Shrin\.vscode\extensions\redhat.java-1.56.0-win32-x64\jre\21.0.12.1-win32-x86_64\bin\zip.dll
Event: 0.076 Loaded shared library c:\Users\Shrin\.vscode\extensions\redhat.java-1.56.0-win32-x64\jre\21.0.12.1-win32-x86_64\bin\zip.dll
Event: 0.097 Attempting to load shared library C:\Users\Shrin\.vscode\extensions\redhat.java-1.56.0-win32-x64\jre\21.0.12.1-win32-x86_64\bin\instrument.dll
Event: 0.097 Loaded shared library C:\Users\Shrin\.vscode\extensions\redhat.java-1.56.0-win32-x64\jre\21.0.12.1-win32-x86_64\bin\instrument.dll
Event: 0.102 Attempting to load shared library C:\Users\Shrin\.vscode\extensions\redhat.java-1.56.0-win32-x64\jre\21.0.12.1-win32-x86_64\bin\net.dll
Event: 0.103 Loaded shared library C:\Users\Shrin\.vscode\extensions\redhat.java-1.56.0-win32-x64\jre\21.0.12.1-win32-x86_64\bin\net.dll
Event: 0.106 Attempting to load shared library C:\Users\Shrin\.vscode\extensions\redhat.java-1.56.0-win32-x64\jre\21.0.12.1-win32-x86_64\bin\nio.dll
Event: 0.106 Loaded shared library C:\Users\Shrin\.vscode\extensions\redhat.java-1.56.0-win32-x64\jre\21.0.12.1-win32-x86_64\bin\nio.dll
Event: 0.110 Attempting to load shared library C:\Users\Shrin\.vscode\extensions\redhat.java-1.56.0-win32-x64\jre\21.0.12.1-win32-x86_64\bin\zip.dll
Event: 0.110 Loaded shared library C:\Users\Shrin\.vscode\extensions\redhat.java-1.56.0-win32-x64\jre\21.0.12.1-win32-x86_64\bin\zip.dll
Event: 0.128 Attempting to load shared library C:\Users\Shrin\.vscode\extensions\redhat.java-1.56.0-win32-x64\jre\21.0.12.1-win32-x86_64\bin\jimage.dll
Event: 0.128 Loaded shared library C:\Users\Shrin\.vscode\extensions\redhat.java-1.56.0-win32-x64\jre\21.0.12.1-win32-x86_64\bin\jimage.dll
Event: 0.222 Attempting to load shared library c:\Users\Shrin\.vscode\extensions\redhat.java-1.56.0-win32-x64\jre\21.0.12.1-win32-x86_64\bin\verify.dll
Event: 0.222 Loaded shared library c:\Users\Shrin\.vscode\extensions\redhat.java-1.56.0-win32-x64\jre\21.0.12.1-win32-x86_64\bin\verify.dll
Event: 1.442 Attempting to load shared library C:\Users\Shrin\AppData\Roaming\Code\User\globalStorage\redhat.java\1.56.0\config_win\org.eclipse.equinox.launcher\org.eclipse.equinox.launcher.win32.win32.x86_64_1.3.100.v20260804-1928\eclipse_11924.dll
Event: 1.444 Loaded shared library C:\Users\Shrin\AppData\Roaming\Code\User\globalStorage\redhat.java\1.56.0\config_win\org.eclipse.equinox.launcher\org.eclipse.equinox.launcher.win32.win32.x86_64_1.3.100.v20260804-1928\eclipse_11924.dll
Event: 4.663 Attempting to load shared library C:\Windows\Temp\jna-79863426\jna16940002363061534565.dll
Event: 4.672 Loaded shared library C:\Windows\Temp\jna-79863426\jna16940002363061534565.dll

Deoptimization events (20 events):
Event: 481.174 Thread 0x000001f0e7dc1b20 DEOPT PACKING pc=0x000001f090ac614c sp=0x00000083e4cfda30
Event: 481.174 Thread 0x000001f0e7dc1b20 DEOPT UNPACKING pc=0x000001f08fd03aa2 sp=0x00000083e4cfd958 mode 2
Event: 481.174 Thread 0x000001f0e7dc1b20 Uncommon trap: trap_request=0xffffffd6 fr.pc=0x000001f090ac614c relative=0x00000000000005cc
Event: 481.174 Thread 0x000001f0e7dc1b20 Uncommon trap: reason=array_check action=maybe_recompile pc=0x000001f090ac614c method=org.eclipse.jdt.internal.compiler.lookup.UnresolvedReferenceBinding.addWrapper(Lorg/eclipse/jdt/internal/compiler/lookup/HotSwappable;Lorg/eclipse/jdt/internal/compiler/
Event: 481.174 Thread 0x000001f0e7dc1b20 DEOPT PACKING pc=0x000001f090ac614c sp=0x00000083e4cfd8b0
Event: 481.174 Thread 0x000001f0e7dc1b20 DEOPT UNPACKING pc=0x000001f08fd03aa2 sp=0x00000083e4cfd7d8 mode 2
Event: 481.174 Thread 0x000001f0e7dc1b20 Uncommon trap: trap_request=0xffffffd6 fr.pc=0x000001f090ac614c relative=0x00000000000005cc
Event: 481.174 Thread 0x000001f0e7dc1b20 Uncommon trap: reason=array_check action=maybe_recompile pc=0x000001f090ac614c method=org.eclipse.jdt.internal.compiler.lookup.UnresolvedReferenceBinding.addWrapper(Lorg/eclipse/jdt/internal/compiler/lookup/HotSwappable;Lorg/eclipse/jdt/internal/compiler/
Event: 481.174 Thread 0x000001f0e7dc1b20 DEOPT PACKING pc=0x000001f090ac614c sp=0x00000083e4cfd870
Event: 481.174 Thread 0x000001f0e7dc1b20 DEOPT UNPACKING pc=0x000001f08fd03aa2 sp=0x00000083e4cfd798 mode 2
Event: 482.074 Thread 0x000001f0e5a69c20 Uncommon trap: trap_request=0xffffff45 fr.pc=0x000001f090a7cf7c relative=0x00000000000001bc
Event: 482.074 Thread 0x000001f0e5a69c20 Uncommon trap: reason=unstable_if action=reinterpret pc=0x000001f090a7cf7c method=org.eclipse.jface.text.DefaultLineTracker.nextDelimiterInfo(Ljava/lang/String;I)Lorg/eclipse/jface/text/AbstractLineTracker$DelimiterInfo; @ 22 c2
Event: 482.074 Thread 0x000001f0e5a69c20 DEOPT PACKING pc=0x000001f090a7cf7c sp=0x00000083e86fdcf0
Event: 482.074 Thread 0x000001f0e5a69c20 DEOPT UNPACKING pc=0x000001f08fd03aa2 sp=0x00000083e86fdc68 mode 2
Event: 482.102 Thread 0x000001f0e4553c30 DEOPT PACKING pc=0x000001f089938299 sp=0x00000083e71fed00
Event: 482.102 Thread 0x000001f0e4553c30 DEOPT UNPACKING pc=0x000001f08fd04242 sp=0x00000083e71fe1d8 mode 0
Event: 482.131 Thread 0x000001f0e4553c30 DEOPT PACKING pc=0x000001f089938310 sp=0x00000083e71fed00
Event: 482.131 Thread 0x000001f0e4553c30 DEOPT UNPACKING pc=0x000001f08fd04242 sp=0x00000083e71fe1d8 mode 0
Event: 482.503 Thread 0x000001f0e7c9d1b0 DEOPT PACKING pc=0x000001f0899db286 sp=0x00000083e8afdf10
Event: 482.503 Thread 0x000001f0e7c9d1b0 DEOPT UNPACKING pc=0x000001f08fd04242 sp=0x00000083e8afd3c0 mode 0

Classes loaded (20 events):
Event: 310.031 Loading class java/util/stream/Nodes$ToArrayTask$OfRef
Event: 310.031 Loading class java/util/stream/Nodes$ToArrayTask
Event: 310.031 Loading class java/util/stream/Nodes$ToArrayTask done
Event: 310.031 Loading class java/util/stream/Nodes$ToArrayTask$OfRef done
Event: 310.033 Loading class java/io/ObjectOutputStream$BlockDataOutputStream
Event: 310.033 Loading class java/io/ObjectOutputStream$BlockDataOutputStream done
Event: 310.033 Loading class java/io/ObjectOutputStream$HandleTable
Event: 310.033 Loading class java/io/ObjectOutputStream$HandleTable done
Event: 310.033 Loading class java/io/ObjectOutputStream$ReplaceTable
Event: 310.033 Loading class java/io/ObjectOutputStream$ReplaceTable done
Event: 361.902 Loading class java/util/stream/ReduceOps$5
Event: 361.902 Loading class java/util/stream/ReduceOps$5 done
Event: 361.902 Loading class java/util/stream/ReduceOps$CountingSink$OfRef
Event: 361.902 Loading class java/util/stream/ReduceOps$CountingSink
Event: 361.902 Loading class java/util/stream/ReduceOps$CountingSink done
Event: 361.902 Loading class java/util/stream/ReduceOps$CountingSink$OfRef done
Event: 479.582 Loading class java/util/function/IntPredicate
Event: 479.582 Loading class java/util/function/IntPredicate done
Event: 479.606 Loading class java/util/regex/Pattern$Bound
Event: 479.606 Loading class java/util/regex/Pattern$Bound done

Classes unloaded (7 events):
Event: 5.260 Thread 0x000001f085624ba0 Unloading class 0x000001f09d1a8c00 'java/lang/invoke/LambdaForm$MH+0x000001f09d1a8c00'
Event: 5.260 Thread 0x000001f085624ba0 Unloading class 0x000001f09d1a8800 'java/lang/invoke/LambdaForm$MH+0x000001f09d1a8800'
Event: 5.260 Thread 0x000001f085624ba0 Unloading class 0x000001f09d1a8400 'java/lang/invoke/LambdaForm$MH+0x000001f09d1a8400'
Event: 5.260 Thread 0x000001f085624ba0 Unloading class 0x000001f09d1a8000 'java/lang/invoke/LambdaForm$MH+0x000001f09d1a8000'
Event: 5.260 Thread 0x000001f085624ba0 Unloading class 0x000001f09d1a7c00 'java/lang/invoke/LambdaForm$BMH+0x000001f09d1a7c00'
Event: 5.260 Thread 0x000001f085624ba0 Unloading class 0x000001f09d1a7800 'java/lang/invoke/LambdaForm$DMH+0x000001f09d1a7800'
Event: 5.260 Thread 0x000001f085624ba0 Unloading class 0x000001f09d1a6400 'java/lang/invoke/LambdaForm$DMH+0x000001f09d1a6400'

Classes redefined (0 events):
No events

Internal exceptions (20 events):
Event: 361.973 Thread 0x000001f0e4553c30 Exception <a 'sun/nio/fs/WindowsException'{0x00000000d5c1b4d0}> (0x00000000d5c1b4d0) 
thrown [s\src\hotspot\share\prims\jni.cpp, line 520]
Event: 451.850 Thread 0x000001f0e4553c30 Exception <a 'sun/nio/fs/WindowsException'{0x00000000d5815650}> (0x00000000d5815650) 
thrown [s\src\hotspot\share\prims\jni.cpp, line 520]
Event: 452.047 Thread 0x000001f0e7dc0770 Exception <a 'sun/nio/fs/WindowsException'{0x00000000d5ae28e0}> (0x00000000d5ae28e0) 
thrown [s\src\hotspot\share\prims\jni.cpp, line 520]
Event: 452.059 Thread 0x000001f0e7dc0770 Exception <a 'sun/nio/fs/WindowsException'{0x00000000d5b139b8}> (0x00000000d5b139b8) 
thrown [s\src\hotspot\share\prims\jni.cpp, line 520]
Event: 452.067 Thread 0x000001f0e7dc0770 Exception <a 'sun/nio/fs/WindowsException'{0x00000000d5b23318}> (0x00000000d5b23318) 
thrown [s\src\hotspot\share\prims\jni.cpp, line 520]
Event: 452.072 Thread 0x000001f0e7dc0770 Exception <a 'sun/nio/fs/WindowsException'{0x00000000d5b32578}> (0x00000000d5b32578) 
thrown [s\src\hotspot\share\prims\jni.cpp, line 520]
Event: 452.073 Thread 0x000001f0e4553c30 Exception <a 'sun/nio/fs/WindowsException'{0x00000000d5a3f6a0}> (0x00000000d5a3f6a0) 
thrown [s\src\hotspot\share\prims\jni.cpp, line 520]
Event: 455.217 Thread 0x000001f0e5a69c20 Exception <a 'java/lang/IncompatibleClassChangeError'{0x00000000d5f3ea80}: Found class java.lang.Object, but interface was expected> (0x00000000d5f3ea80) 
thrown [s\src\hotspot\share\interpreter\linkResolver.cpp, line 840]
Event: 456.465 Thread 0x000001f0e45535a0 Implicit null exception at 0x000001f0905726c6 to 0x000001f09057270f
Event: 459.132 Thread 0x000001f0e7c9d1b0 Exception <a 'java/lang/ArrayIndexOutOfBoundsException'{0x00000000d5b5c008}: Index 38 out of bounds for length 38> (0x00000000d5b5c008) 
thrown [s\src\hotspot\share\interpreter\interpreterRuntime.cpp, line 439]
Event: 466.391 Thread 0x000001f0e5a69c20 Exception <a 'java/lang/IncompatibleClassChangeError'{0x00000000d5a5b510}: Found class java.lang.Object, but interface was expected> (0x00000000d5a5b510) 
thrown [s\src\hotspot\share\interpreter\linkResolver.cpp, line 840]
Event: 474.303 Thread 0x000001f0e7c9d1b0 Exception <a 'java/lang/ArrayIndexOutOfBoundsException'{0x00000000d5fd2088}: Index 38 out of bounds for length 38> (0x00000000d5fd2088) 
thrown [s\src\hotspot\share\interpreter\interpreterRuntime.cpp, line 439]
Event: 479.371 Thread 0x000001f0e7c9d1b0 Implicit null exception at 0x000001f0909a8aff to 0x000001f0909a8bb1
Event: 479.457 Thread 0x000001f0e7c9d1b0 Implicit null exception at 0x000001f0909fbba3 to 0x000001f0909fbf3c
Event: 479.583 Thread 0x000001f0e7c9d1b0 Exception <a 'java/lang/NoSuchMethodError'{0x00000000d5cdfbf8}: 'int java.lang.invoke.DirectMethodHandle$Holder.invokeStaticInit(java.lang.Object, int)'> (0x00000000d5cdfbf8) 
thrown [s\src\hotspot\share\interpreter\linkResolver.cpp, line 773]
Event: 479.789 Thread 0x000001f0e7c9d1b0 Exception <a 'java/lang/NoSuchMethodError'{0x00000000d5b6aa40}: 'int java.lang.invoke.DirectMethodHandle$Holder.invokeSpecialIFC(java.lang.Object, java.lang.Object, int)'> (0x00000000d5b6aa40) 
thrown [s\src\hotspot\share\interpreter\linkResolver.cpp, line 773]
Event: 479.797 Thread 0x000001f0e7c9d1b0 Exception <a 'sun/nio/fs/WindowsException'{0x00000000d5bab8e8}> (0x00000000d5bab8e8) 
thrown [s\src\hotspot\share\prims\jni.cpp, line 520]
Event: 479.798 Thread 0x000001f0e7c9d1b0 Exception <a 'sun/nio/fs/WindowsException'{0x00000000d5babf18}> (0x00000000d5babf18) 
thrown [s\src\hotspot\share\prims\jni.cpp, line 520]
Event: 482.079 Thread 0x000001f0e4553c30 Exception <a 'sun/nio/fs/WindowsException'{0x00000000d5e74c38}> (0x00000000d5e74c38) 
thrown [s\src\hotspot\share\prims\jni.cpp, line 520]
Event: 482.163 Thread 0x000001f0e4553c30 Exception <a 'sun/nio/fs/WindowsException'{0x00000000d5d2b810}> (0x00000000d5d2b810) 
thrown [s\src\hotspot\share\prims\jni.cpp, line 520]

ZGC Phase Switch (0 events):
No events

VM Operations (20 events):
Event: 479.696 Executing safepoint VM operation: ParallelGCFailedAllocation (Allocation Failure)
Event: 479.698 Executing safepoint VM operation: ParallelGCFailedAllocation (Allocation Failure) done
Event: 479.721 Executing non-safepoint VM operation: HandshakeAllThreads (Deoptimize)
Event: 479.721 Executing non-safepoint VM operation: HandshakeAllThreads (Deoptimize) done
Event: 480.576 Executing safepoint VM operation: ParallelGCFailedAllocation (Allocation Failure)
Event: 480.579 Executing safepoint VM operation: ParallelGCFailedAllocation (Allocation Failure) done
Event: 481.230 Executing non-safepoint VM operation: HandshakeAllThreads (HandshakeForDeflation)
Event: 481.230 Executing non-safepoint VM operation: HandshakeAllThreads (HandshakeForDeflation) done
Event: 481.230 Executing non-safepoint VM operation: RendezvousGCThreads
Event: 481.230 Executing non-safepoint VM operation: RendezvousGCThreads done
Event: 482.094 Executing safepoint VM operation: ParallelGCFailedAllocation (Allocation Failure)
Event: 482.098 Executing safepoint VM operation: ParallelGCFailedAllocation (Allocation Failure) done
Event: 484.104 Executing safepoint VM operation: Cleanup
Event: 484.104 Executing safepoint VM operation: Cleanup done
Event: 487.115 Executing safepoint VM operation: Cleanup
Event: 487.115 Executing safepoint VM operation: Cleanup done
Event: 500.448 Executing safepoint VM operation: ParallelGCFailedAllocation (Allocation Failure)
Event: 500.450 Executing safepoint VM operation: ParallelGCFailedAllocation (Allocation Failure) done
Event: 501.456 Executing safepoint VM operation: Cleanup
Event: 501.456 Executing safepoint VM operation: Cleanup done

Memory protections (0 events):
No events

Nmethod flushes (20 events):
Event: 10.229 Thread 0x000001f085624ba0 flushing  nmethod 0x000001f088f9ea90
Event: 10.229 Thread 0x000001f085624ba0 flushing  nmethod 0x000001f088f9f310
Event: 10.229 Thread 0x000001f085624ba0 flushing  nmethod 0x000001f088f9fa10
Event: 10.229 Thread 0x000001f085624ba0 flushing  nmethod 0x000001f088fa3b90
Event: 10.229 Thread 0x000001f085624ba0 flushing  nmethod 0x000001f088fac510
Event: 10.229 Thread 0x000001f085624ba0 flushing  nmethod 0x000001f088fc9510
Event: 10.229 Thread 0x000001f085624ba0 flushing  nmethod 0x000001f088fe3110
Event: 10.229 Thread 0x000001f085624ba0 flushing  nmethod 0x000001f088fecb10
Event: 10.229 Thread 0x000001f085624ba0 flushing  nmethod 0x000001f08902b790
Event: 10.229 Thread 0x000001f085624ba0 flushing  nmethod 0x000001f089038710
Event: 10.229 Thread 0x000001f085624ba0 flushing  nmethod 0x000001f08903c610
Event: 10.229 Thread 0x000001f085624ba0 flushing  nmethod 0x000001f08903e090
Event: 10.229 Thread 0x000001f085624ba0 flushing  nmethod 0x000001f089047b10
Event: 10.229 Thread 0x000001f085624ba0 flushing  nmethod 0x000001f089049b90
Event: 10.229 Thread 0x000001f085624ba0 flushing  nmethod 0x000001f08904a310
Event: 10.229 Thread 0x000001f085624ba0 flushing  nmethod 0x000001f08904a690
Event: 10.229 Thread 0x000001f085624ba0 flushing  nmethod 0x000001f08904aa10
Event: 10.229 Thread 0x000001f085624ba0 flushing  nmethod 0x000001f08904af90
Event: 10.229 Thread 0x000001f085624ba0 flushing  nmethod 0x000001f08904b710
Event: 10.229 Thread 0x000001f085624ba0 flushing  nmethod 0x000001f08904c590

Events (20 events):
Event: 422.078 Thread 0x000001f0e7dbe010 Thread exited: 0x000001f0e7dbe010
Event: 422.351 Thread 0x000001f0e7dbed30 Thread exited: 0x000001f0e7dbed30
Event: 451.908 Thread 0x000001f0de43ef30 Thread added: 0x000001f0e704e5d0
Event: 452.075 Thread 0x000001f0e45535a0 Thread added: 0x000001f0e7dc1b20
Event: 452.079 Thread 0x000001f0e7dc0770 Thread added: 0x000001f0e7dc21b0
Event: 452.087 Thread 0x000001f0e7dc0770 Thread added: 0x000001f0e7dbed30
Event: 452.386 Thread 0x000001f0e704e5d0 Thread exited: 0x000001f0e704e5d0
Event: 462.062 Thread 0x000001f0de43ef30 Thread added: 0x000001f0e704df00
Event: 462.217 Thread 0x000001f0e704df00 Thread exited: 0x000001f0e704df00
Event: 462.233 Thread 0x000001f0de43ef30 Thread added: 0x000001f0e704bcf0
Event: 462.504 Thread 0x000001f0e704bcf0 Thread exited: 0x000001f0e704bcf0
Event: 465.901 Thread 0x000001f0e5a6a2b0 Thread added: 0x000001f0e7dc2840
Event: 465.937 Thread 0x000001f0e5a6a2b0 Thread added: 0x000001f0e7dc4910
Event: 475.401 Thread 0x000001f0de43ef30 Thread added: 0x000001f0e704bcf0
Event: 475.676 Thread 0x000001f0e704bcf0 Thread exited: 0x000001f0e704bcf0
Event: 479.417 Thread 0x000001f0de43ef30 Thread added: 0x000001f0e704e5d0
Event: 479.476 Thread 0x000001f0de43ef30 Thread added: 0x000001f0e704ca90
Event: 480.559 Thread 0x000001f0e704ca90 Thread exited: 0x000001f0e704ca90
Event: 480.763 Thread 0x000001f0e704e5d0 Thread exited: 0x000001f0e704e5d0
Event: 482.173 Thread 0x000001f0e45535a0 Thread added: 0x000001f0e7dc4280


Dynamic libraries:
0x00007ff6111b0000 - 0x00007ff6111be000 	c:\Users\Shrin\.vscode\extensions\redhat.java-1.56.0-win32-x64\jre\21.0.12.1-win32-x86_64\bin\java.exe
0x00007ffe9bea0000 - 0x00007ffe9c107000 	C:\windows\SYSTEM32\ntdll.dll
0x00007ffe99c10000 - 0x00007ffe99cdb000 	C:\windows\System32\KERNEL32.DLL
0x00007ffe997b0000 - 0x00007ffe99bb2000 	C:\windows\System32\KERNELBASE.dll
0x00007ffe99470000 - 0x00007ffe995bc000 	C:\windows\System32\ucrtbase.dll
0x00007ffe93ec0000 - 0x00007ffe93ed8000 	c:\Users\Shrin\.vscode\extensions\redhat.java-1.56.0-win32-x64\jre\21.0.12.1-win32-x86_64\bin\jli.dll
0x00007ffe93e70000 - 0x00007ffe93e8e000 	c:\Users\Shrin\.vscode\extensions\redhat.java-1.56.0-win32-x64\jre\21.0.12.1-win32-x86_64\bin\VCRUNTIME140.dll
0x00007ffe9bb90000 - 0x00007ffe9bd5f000 	C:\windows\System32\USER32.dll
0x00007ffe99130000 - 0x00007ffe99157000 	C:\windows\System32\win32u.dll
0x00007ffe78060000 - 0x00007ffe782f0000 	C:\windows\WinSxS\amd64_microsoft.windows.common-controls_6595b64144ccf1df_6.0.26100.9278_none_3e0d1ba8e3303201\COMCTL32.dll
0x00007ffe99bc0000 - 0x00007ffe99beb000 	C:\windows\System32\GDI32.dll
0x00007ffe9b3b0000 - 0x00007ffe9b459000 	C:\windows\System32\msvcrt.dll
0x00007ffe995d0000 - 0x00007ffe996f9000 	C:\windows\System32\gdi32full.dll
0x00007ffe99700000 - 0x00007ffe997a3000 	C:\windows\System32\msvcp_win.dll
0x00007ffe9be20000 - 0x00007ffe9be51000 	C:\windows\System32\IMM32.DLL
0x00007ffe93eb0000 - 0x00007ffe93ebc000 	c:\Users\Shrin\.vscode\extensions\redhat.java-1.56.0-win32-x64\jre\21.0.12.1-win32-x86_64\bin\vcruntime140_1.dll
0x00007ffe756a0000 - 0x00007ffe7572d000 	c:\Users\Shrin\.vscode\extensions\redhat.java-1.56.0-win32-x64\jre\21.0.12.1-win32-x86_64\bin\msvcp140.dll
0x00007ffdad4a0000 - 0x00007ffdae242000 	c:\Users\Shrin\.vscode\extensions\redhat.java-1.56.0-win32-x64\jre\21.0.12.1-win32-x86_64\bin\server\jvm.dll
0x00007ffe99dd0000 - 0x00007ffe99e8c000 	C:\windows\System32\ADVAPI32.dll
0x00007ffe99ea0000 - 0x00007ffe99f49000 	C:\windows\System32\sechost.dll
0x00007ffe9a920000 - 0x00007ffe9aa38000 	C:\windows\System32\RPCRT4.dll
0x00007ffe9b640000 - 0x00007ffe9b6c0000 	C:\windows\System32\WS2_32.dll
0x00007ffe98f00000 - 0x00007ffe98f5e000 	C:\windows\SYSTEM32\POWRPROF.dll
0x00007ffe8e820000 - 0x00007ffe8e856000 	C:\windows\SYSTEM32\WINMM.dll
0x00007ffe8f6a0000 - 0x00007ffe8f6ab000 	C:\windows\SYSTEM32\VERSION.dll
0x00007ffe98ee0000 - 0x00007ffe98ef5000 	C:\windows\SYSTEM32\UMPDC.dll
0x00007ffe97d70000 - 0x00007ffe97d8b000 	C:\windows\SYSTEM32\kernel.appcore.dll
0x00007ffe93e60000 - 0x00007ffe93e6a000 	c:\Users\Shrin\.vscode\extensions\redhat.java-1.56.0-win32-x64\jre\21.0.12.1-win32-x86_64\bin\jimage.dll
0x00007ffe8b740000 - 0x00007ffe8b98c000 	C:\windows\SYSTEM32\DBGHELP.DLL
0x00007ffe9b6d0000 - 0x00007ffe9ba55000 	C:\windows\System32\combase.dll
0x00007ffe9a780000 - 0x00007ffe9a859000 	C:\windows\System32\OLEAUT32.dll
0x00007ffe768a0000 - 0x00007ffe768db000 	C:\windows\SYSTEM32\dbgcore.DLL
0x00007ffe99160000 - 0x00007ffe9920c000 	C:\windows\System32\bcryptPrimitives.dll
0x00007ffe93e30000 - 0x00007ffe93e3f000 	c:\Users\Shrin\.vscode\extensions\redhat.java-1.56.0-win32-x64\jre\21.0.12.1-win32-x86_64\bin\instrument.dll
0x00007ffe89200000 - 0x00007ffe89220000 	c:\Users\Shrin\.vscode\extensions\redhat.java-1.56.0-win32-x64\jre\21.0.12.1-win32-x86_64\bin\java.dll
0x00007ffe9ac10000 - 0x00007ffe9b3a8000 	C:\windows\System32\SHELL32.dll
0x00007ffe96ad0000 - 0x00007ffe9737e000 	C:\windows\SYSTEM32\windows.storage.dll
0x00007ffe9ab10000 - 0x00007ffe9ac0b000 	C:\windows\System32\SHCORE.dll
0x00007ffe9aaa0000 - 0x00007ffe9ab06000 	C:\windows\System32\shlwapi.dll
0x00007ffe98fc0000 - 0x00007ffe98fe9000 	C:\windows\SYSTEM32\profapi.dll
0x00007ffe83dc0000 - 0x00007ffe83dd8000 	c:\Users\Shrin\.vscode\extensions\redhat.java-1.56.0-win32-x64\jre\21.0.12.1-win32-x86_64\bin\zip.dll
0x00007ffe93ac0000 - 0x00007ffe93ad0000 	C:\Users\Shrin\.vscode\extensions\redhat.java-1.56.0-win32-x64\jre\21.0.12.1-win32-x86_64\bin\net.dll
0x00007ffe92020000 - 0x00007ffe9214a000 	C:\windows\SYSTEM32\WINHTTP.dll
0x00007ffe98330000 - 0x00007ffe9839c000 	C:\windows\system32\mswsock.dll
0x00007ffe82860000 - 0x00007ffe82876000 	C:\Users\Shrin\.vscode\extensions\redhat.java-1.56.0-win32-x64\jre\21.0.12.1-win32-x86_64\bin\nio.dll
0x00007ffe91910000 - 0x00007ffe91920000 	c:\Users\Shrin\.vscode\extensions\redhat.java-1.56.0-win32-x64\jre\21.0.12.1-win32-x86_64\bin\verify.dll
0x00007ffe752a0000 - 0x00007ffe752e5000 	C:\Users\Shrin\AppData\Roaming\Code\User\globalStorage\redhat.java\1.56.0\config_win\org.eclipse.equinox.launcher\org.eclipse.equinox.launcher.win32.win32.x86_64_1.3.100.v20260804-1928\eclipse_11924.dll
0x00007ffe9a5d0000 - 0x00007ffe9a76a000 	C:\windows\System32\ole32.dll
0x00007ffe98620000 - 0x00007ffe9863b000 	C:\windows\SYSTEM32\CRYPTSP.dll
0x00007ffe97cd0000 - 0x00007ffe97d09000 	C:\windows\system32\rsaenh.dll
0x00007ffe983e0000 - 0x00007ffe98414000 	C:\windows\SYSTEM32\USERENV.dll
0x00007ffe98f90000 - 0x00007ffe98fba000 	C:\windows\SYSTEM32\bcrypt.dll
0x00007ffe98640000 - 0x00007ffe9864c000 	C:\windows\SYSTEM32\CRYPTBASE.dll
0x00007ffe97750000 - 0x00007ffe97783000 	C:\windows\SYSTEM32\IPHLPAPI.DLL
0x00007ffe99dc0000 - 0x00007ffe99dca000 	C:\windows\System32\NSI.dll
0x00007ffe67810000 - 0x00007ffe67859000 	C:\Windows\Temp\jna-79863426\jna16940002363061534565.dll
0x00007ffe9a5c0000 - 0x00007ffe9a5c8000 	C:\windows\System32\PSAPI.DLL
0x00007ffe92440000 - 0x00007ffe9245d000 	C:\windows\SYSTEM32\dhcpcsvc6.DLL
0x00007ffe92410000 - 0x00007ffe92435000 	C:\windows\SYSTEM32\dhcpcsvc.DLL

JVMTI agents:
c:\Users\Shrin\.vscode\extensions\redhat.java-1.56.0-win32-x64\lombok\lombok-1.18.39-4050.jar path:c:\Users\Shrin\.vscode\extensions\redhat.java-1.56.0-win32-x64\jre\21.0.12.1-win32-x86_64\bin\instrument.dll, loaded, initialized, instrumentlib options:none

dbghelp: loaded successfully - version: 4.0.5 - missing functions: none
symbol engine: initialized successfully - sym options: 0x614 - pdb path: .;c:\Users\Shrin\.vscode\extensions\redhat.java-1.56.0-win32-x64\jre\21.0.12.1-win32-x86_64\bin;C:\windows\SYSTEM32;C:\windows\WinSxS\amd64_microsoft.windows.common-controls_6595b64144ccf1df_6.0.26100.9278_none_3e0d1ba8e3303201;c:\Users\Shrin\.vscode\extensions\redhat.java-1.56.0-win32-x64\jre\21.0.12.1-win32-x86_64\bin\server;C:\Users\Shrin\AppData\Roaming\Code\User\globalStorage\redhat.java\1.56.0\config_win\org.eclipse.equinox.launcher\org.eclipse.equinox.launcher.win32.win32.x86_64_1.3.100.v20260804-1928;C:\Windows\Temp\jna-79863426

VM Arguments:
jvm_args: --add-modules=ALL-SYSTEM --add-opens=java.base/java.util=ALL-UNNAMED --add-opens=java.base/java.lang=ALL-UNNAMED --add-opens=java.base/sun.nio.fs=ALL-UNNAMED -Declipse.application=org.eclipse.jdt.ls.core.id1 -Dosgi.bundles.defaultStartLevel=4 -Declipse.product=org.eclipse.jdt.ls.core.product -Djava.import.generatesMetadataFilesAtProjectRoot=false -Dm2e.project.cache.size=50 -DDetectVMInstallationsJob.disabled=true -Dfile.encoding=utf8 -XX:+UseParallelGC -XX:GCTimeRatio=4 -XX:AdaptiveSizePolicyWeight=90 -Dsun.zip.disableMemoryMapping=true -Xmx2G -Xms100m -Xlog:disable -javaagent:c:\Users\Shrin\.vscode\extensions\redhat.java-1.56.0-win32-x64\lombok\lombok-1.18.39-4050.jar -XX:+HeapDumpOnOutOfMemoryError -XX:HeapDumpPath=c:\Users\Shrin\AppData\Roaming\Code\User\workspaceStorage\c5df5169bc33e86a4a13d6ca483bb49b\redhat.java -Daether.dependencyCollector.impl=bf 
java_command: c:\Users\Shrin\.vscode\extensions\redhat.java-1.56.0-win32-x64\server\plugins\org.eclipse.equinox.launcher_1.8.0.v20260804-1928.jar -configuration c:\Users\Shrin\AppData\Roaming\Code\User\globalStorage\redhat.java\1.56.0\config_win -data c:\Users\Shrin\AppData\Roaming\Code\User\workspaceStorage\c5df5169bc33e86a4a13d6ca483bb49b\redhat.java\jdt_ws --pipe=\\.\pipe\lsp-176dc8fb4ecd7018c33b372b22b7c158-sock
java_class_path (initial): c:\Users\Shrin\.vscode\extensions\redhat.java-1.56.0-win32-x64\server\plugins\org.eclipse.equinox.launcher_1.8.0.v20260804-1928.jar
Launcher Type: SUN_STANDARD

[Global flags]
    uintx AdaptiveSizePolicyWeight                 = 90                                        {product} {command line}
     intx CICompilerCount                          = 4                                         {product} {ergonomic}
    uintx GCTimeRatio                              = 4                                         {product} {command line}
     bool HeapDumpOnOutOfMemoryError               = true                                   {manageable} {command line}
    ccstr HeapDumpPath                             = c:\Users\Shrin\AppData\Roaming\Code\User\workspaceStorage\c5df5169bc33e86a4a13d6ca483bb49b\redhat.java         {manageable} {command line}
   size_t InitialHeapSize                          = 104857600                                 {product} {command line}
   size_t MaxHeapSize                              = 2147483648                                {product} {command line}
   size_t MaxNewSize                               = 715653120                                 {product} {ergonomic}
   size_t MinHeapDeltaBytes                        = 524288                                    {product} {ergonomic}
   size_t MinHeapSize                              = 104857600                                 {product} {command line}
   size_t NewSize                                  = 34603008                                  {product} {ergonomic}
    uintx NonNMethodCodeHeapSize                   = 5839372                                {pd product} {ergonomic}
    uintx NonProfiledCodeHeapSize                  = 122909434                              {pd product} {ergonomic}
   size_t OldSize                                  = 70254592                                  {product} {ergonomic}
    uintx ProfiledCodeHeapSize                     = 122909434                              {pd product} {ergonomic}
    uintx ReservedCodeCacheSize                    = 251658240                              {pd product} {ergonomic}
     bool SegmentedCodeCache                       = true                                      {product} {ergonomic}
   size_t SoftMaxHeapSize                          = 2147483648                             {manageable} {ergonomic}
     bool UseCompressedOops                        = true                           {product lp64_product} {ergonomic}
     bool UseLargePagesIndividualAllocation        = false                                  {pd product} {ergonomic}
     bool UseParallelGC                            = true                                      {product} {command line}

Logging:
Log output configuration:
 #0: stdout all=off uptime,level,tags foldmultilines=false
 #1: stderr all=off uptime,level,tags foldmultilines=false

Release file:
JAVA_VERSION="21.0.12.1" 
MODULES="java.base java.compiler java.datatransfer java.xml java.prefs java.desktop java.instrument java.logging java.management java.security.sasl java.naming java.rmi java.management.rmi java.net.http java.scripting java.security.jgss java.transaction.xa java.sql java.sql.rowset java.xml.crypto java.se java.smartcardio jdk.accessibility jdk.internal.jvmstat jdk.attach jdk.charsets jdk.internal.opt jdk.zipfs jdk.compiler jdk.crypto.ec jdk.crypto.cryptoki jdk.crypto.mscapi jdk.dynalink jdk.internal.ed jdk.editpad jdk.hotspot.agent jdk.httpserver jdk.internal.le jdk.internal.vm.ci jdk.internal.vm.compiler jdk.internal.vm.compiler.management jdk.jartool jdk.javadoc jdk.jcmd jdk.management jdk.management.agent jdk.jconsole jdk.jdeps jdk.jdwp.agent jdk.jdi jdk.jfr jdk.jshell jdk.jsobject jdk.jstatd jdk.localedata jdk.management.jfr jdk.naming.dns jdk.naming.rmi jdk.net jdk.nio.mapmode jdk.random jdk.sctp jdk.security.auth jdk.security.jgss jdk.unsupported jdk.unsupported.desktop jdk.xml.dom" 

Environment Variables:
PATH=C:\app\Shrin\product\11.1.0\db_1\bin;C:\ProgramData\chocolatey\bin;C:\Program Files\nodejs\;C:\Users\Shrin\.local\bin;C:\Users\Shrin\AppData\Local\Programs\Python\Python310\Scripts\;C:\Users\Shrin\AppData\Local\Programs\Python\Python310\;C:\Program Files\Common Files\Oracle\Java\javapath;C:\windows\system32;C:\windows;C:\windows\System32\Wbem;C:\windows\System32\WindowsPowerShell\v1.0\;C:\windows\System32\OpenSSH\;C:\Program Files (x86)\NVIDIA Corporation\PhysX\Common;C:\Program Files\NVIDIA Corporation\NVIDIA NvDLISR;C:\Program Files\HP\HP One Agent;C:\Users\Shrin\AppData\Local\Programs\Python\Python313\Scripts\;C:\Users\Shrin\AppData\Local\Programs\Python\Python313\;C:\Users\Shrin\AppData\Local\Microsoft\WindowsApps;C:\Users\Shrin\AppData\Roaming\npm;C:\Users\Shrin\AppData\Local\Programs\Antigravity\bin;C:\Users\Shrin\AppData\Local\Programs\Microsoft VS Code\bin;C:\Users\Shrin\AppData\Local\Programs\Antigravity IDE\bin
USERNAME=Shrin
OS=Windows_NT
PROCESSOR_IDENTIFIER=AMD64 Family 25 Model 80 Stepping 0, AuthenticAMD
TMP=C:\windows\TEMP
TEMP=C:\windows\TEMP




Periodic native trim disabled

---------------  S Y S T E M  ---------------

OS:
 Windows 11 , 64 bit Build 26100 (10.0.26100.9444)
OS uptime: 0 days 2:28 hours
Hyper-V role detected

CPU: total 12 (initial active 12) (12 cores per cpu, 2 threads per core) family 25 model 80 stepping 0 microcode 0xa50000f, cx8, cmov, fxsr, ht, mmx, 3dnowpref, sse, sse2, sse3, ssse3, sse4a, sse4.1, sse4.2, popcnt, lzcnt, tsc, tscinvbit, avx, avx2, aes, erms, clmul, bmi1, bmi2, adx, sha, fma, vzeroupper, clflush, clflushopt, hv, rdtscp, rdpid, fsrm, f16c, cet_ss
Processor Information for processor 0
  Max Mhz: 3301, Current Mhz: 3301, Mhz Limit: 3301
Processor Information for processor 1
  Max Mhz: 3301, Current Mhz: 1805, Mhz Limit: 3301
Processor Information for processor 2
  Max Mhz: 3301, Current Mhz: 3301, Mhz Limit: 3301
Processor Information for processor 3
  Max Mhz: 3301, Current Mhz: 3301, Mhz Limit: 3301
Processor Information for processor 4
  Max Mhz: 3301, Current Mhz: 3301, Mhz Limit: 3301
Processor Information for processor 5
  Max Mhz: 3301, Current Mhz: 3301, Mhz Limit: 3301
Processor Information for processor 6
  Max Mhz: 3301, Current Mhz: 3301, Mhz Limit: 3301
Processor Information for processor 7
  Max Mhz: 3301, Current Mhz: 3301, Mhz Limit: 3301
Processor Information for processor 8
  Max Mhz: 3301, Current Mhz: 3301, Mhz Limit: 3301
Processor Information for processor 9
  Max Mhz: 3301, Current Mhz: 3301, Mhz Limit: 3301
Processor Information for processor 10
  Max Mhz: 3301, Current Mhz: 1805, Mhz Limit: 3301
Processor Information for processor 11
  Max Mhz: 3301, Current Mhz: 1805, Mhz Limit: 3301

Memory: 4k page, system-wide physical 15710M (4180M free)
TotalPageFile size 15710M (AvailPageFile size 91M)
current process WorkingSet (physical memory assigned to process): 773M, peak: 824M
current process commit charge ("private bytes"): 723M, peak: 771M

vm_info: OpenJDK 64-Bit Server VM (21.0.12.1+1-LTS) for windows-amd64 JRE (21.0.12.1+1-LTS), built on 2026-08-18T00:00:00Z by "admin" with MS VC++ 17.12 (VS2022)

END.
